_id,Error,Bang,Que,Non,Val,ErrType,Type,ISERR,ISNA,ErrTypeIsErr
1,Null,Null,#NULL?,#NULL,1,,,,,
2,Div0,Div0,#DIV/0?,#DIV/0,2,,,,,
3,Value,Value,#VALUE?,#VALUE,3,,,,,
4,Ref,Ref,#REF?,#REF,4,,,,,
5,Name,#NAME!,Name,#NAME,5,,,,,
6,Num,Num,#NUM?,#NUM,6,,,,,
7,NA,#N/A!,#N/A?,NA,7,,,,,
8,#WTF,#WTF!,#WTF?,#WTF,69,,,,,
9,123,123!,123?,123,123,,,,,
10,foo,foo!,foo?,foo,foo,,,,,
11,41923,10/11/14!,10/11/14?,41923,41923,,,,,
12,true,TRUE!,TRUE?,true,true,,,,,
13,array,array!,array?,array,array,,,,,
